// Jest Snapshot v1, https://goo.gl/fbAQLP

exports[`Organisms/Header 正しくレンダリングされている 1`] = `
<div
  className="css-1hrd1c8"
>
  <div
    className="css-1hh8z22"
  >
    <a
      href="/"
      onClick={[Function]}
    >
      <div>
        <svg
          className="css-1443oa1"
          fill="currentColor"
          height="1em"
          stroke="currentColor"
          strokeWidth="0"
          style={
            Object {
              "color": undefined,
            }
          }
          viewBox="0 0 16 16"
          width="1em"
          xmlns="http://www.w3.org/2000/svg"
        >
          <path
            clipRule="evenodd"
            d="M14 1H2a1 1 0 00-1 1v12a1 1 0 001 1h12a1 1 0 001-1V2a1 1 0 00-1-1zM2 0a2 2 0 00-2 2v12a2 2 0 002 2h12a2 2 0 002-2V2a2 2 0 00-2-2H2z"
            fillRule="evenodd"
          />
          <path
            clipRule="evenodd"
            d="M15 4H1V3h14v1z"
            fillRule="evenodd"
          />
          <path
            clipRule="evenodd"
            d="M5 15.5v-14h1v14H5zm5 0v-14h1v14h-1z"
            fillRule="evenodd"
          />
          <path
            clipRule="evenodd"
            d="M15 8H1V7h14v1zm0 4H1v-1h14v1z"
            fillRule="evenodd"
          />
          <path
            d="M0 2a2 2 0 012-2h12a2 2 0 012 2v2H0V2z"
          />
        </svg>
      </div>
    </a>
    <h1
      className="css-1llq2fx"
    >
      ToDo App
    </h1>
    <div
      className="css-knz8lr"
      data-testid="toggle-button"
      onClick={[Function]}
    >
      <div
        className="css-kknodv"
      >
        <svg
          className="css-ba990d"
          data-testid="star"
          fill="currentColor"
          height="1em"
          stroke="currentColor"
          strokeWidth="0"
          style={
            Object {
              "color": undefined,
            }
          }
          viewBox="0 0 16 16"
          width="1em"
          xmlns="http://www.w3.org/2000/svg"
        >
          <path
            clipRule="evenodd"
            d="M2.866 14.85c-.078.444.36.791.746.593l4.39-2.256 4.389 2.256c.386.198.824-.149.746-.592l-.83-4.73 3.523-3.356c.329-.314.158-.888-.283-.95l-4.898-.696L8.465.792a.513.513 0 00-.927 0L5.354 5.12l-4.898.696c-.441.062-.612.636-.283.95l3.523 3.356-.83 4.73zm4.905-2.767l-3.686 1.894.694-3.957a.565.565 0 00-.163-.505L1.71 6.745l4.052-.576a.525.525 0 00.393-.288l1.847-3.658 1.846 3.658a.525.525 0 00.393.288l4.052.575-2.906 2.77a.564.564 0 00-.163.506l.694 3.957-3.686-1.894a.503.503 0 00-.461 0z"
            fillRule="evenodd"
          />
        </svg>
      </div>
    </div>
  </div>
</div>
`;
